2024-10-24T09:18:54.141Z [info]: Port opened successfully
2024-10-24T09:18:59.256Z [info]: Processed line: NG
2024-10-24T09:19:00.272Z [info]: Processing data from queue: NG
2024-10-24T09:19:07.392Z [info]: Processed line: NG
2024-10-24T09:19:08.398Z [info]: Processing data from queue: NG
2024-10-24T09:19:16.694Z [info]: Processed line: NG
2024-10-24T09:19:17.710Z [info]: Processing data from queue: NG
2024-10-24T09:19:24.831Z [info]: Processed line: NG
2024-10-24T09:19:25.843Z [info]: Processing data from queue: NG
2024-10-24T10:28:10.874Z [info]: Port opened successfully
2024-10-24T10:28:13.727Z [info]: Processed line: NG
2024-10-24T10:28:14.743Z [info]: Processing data from queue: NG
2024-10-24T10:28:20.288Z [info]: Processed line: 221024A0006
2024-10-24T10:28:21.304Z [info]: Processing data from queue: 221024A0006
2024-10-24T10:29:40.434Z [info]: Port opened successfully
2024-10-24T10:31:40.177Z [info]: Port opened successfully
2024-10-24T10:32:46.849Z [info]: Port opened successfully
2024-10-24T10:32:55.058Z [info]: Port opened successfully
2024-10-24T10:34:54.553Z [info]: Processed line: 221024A0006
2024-10-24T10:34:55.560Z [info]: Processing data from queue: 221024A0006
2024-10-24T10:35:01.058Z [info]: Processed line: 221024A0006
2024-10-24T10:35:02.065Z [info]: Processing data from queue: 221024A0006
2024-10-24T10:35:10.610Z [info]: Processed line: 221024A0006
2024-10-24T10:35:11.611Z [info]: Processing data from queue: 221024A0006
2024-10-24T10:35:17.230Z [info]: Processed line: 221024A0006
2024-10-24T10:35:18.245Z [info]: Processing data from queue: 221024A0006
2024-10-24T10:35:41.847Z [info]: Processed line: NG
2024-10-24T10:35:42.864Z [info]: Processing data from queue: NG
2024-10-24T10:35:48.672Z [info]: Processed line: 221024A0006
2024-10-24T10:35:49.689Z [info]: Processing data from queue: 221024A0006
2024-10-24T10:37:43.220Z [info]: Processed line: 221024A0006
2024-10-24T10:37:44.236Z [info]: Processing data from queue: 221024A0006
2024-10-24T10:37:50.812Z [info]: Processed line: 87397600804101298240033
2024-10-24T10:37:51.827Z [info]: Processing data from queue: 87397600804101298240033
2024-10-24T10:37:57.038Z [info]: Processed line: 87397600804101298240033
2024-10-24T10:37:58.048Z [info]: Processing data from queue: 87397600804101298240033
2024-10-24T10:38:04.259Z [info]: Processed line: 87397600804101298240034
2024-10-24T10:38:05.270Z [info]: Processing data from queue: 87397600804101298240034
2024-10-24T10:38:44.020Z [info]: Processed line: 87397600804101298240034
2024-10-24T10:38:45.029Z [info]: Processing data from queue: 87397600804101298240034
2024-10-24T10:38:51.747Z [info]: Processed line: 87397600804101298240035
2024-10-24T10:38:52.761Z [info]: Processing data from queue: 87397600804101298240035
2024-10-24T10:39:01.820Z [info]: Processed line: NG
2024-10-24T10:39:02.831Z [info]: Processing data from queue: NG
2024-10-24T10:39:13.073Z [info]: Processed line: NG
2024-10-24T10:39:14.083Z [info]: Processing data from queue: NG
2024-10-24T10:39:43.231Z [info]: Processed line: NG
2024-10-24T10:39:44.247Z [info]: Processing data from queue: NG
2024-10-24T10:39:50.731Z [info]: Processed line: 87397600804101298240037
2024-10-24T10:39:51.742Z [info]: Processing data from queue: 87397600804101298240037
2024-10-24T10:40:21.190Z [info]: Processed line: 87397600804101298240037
2024-10-24T10:40:22.197Z [info]: Processing data from queue: 87397600804101298240037
2024-10-24T10:40:31.666Z [info]: Processed line: NG
2024-10-24T10:40:32.681Z [info]: Processing data from queue: NG
2024-10-24T10:42:45.468Z [info]: Port opened successfully
2024-10-24T10:43:19.824Z [info]: Processed line: NG
2024-10-24T10:43:20.838Z [info]: Processing data from queue: NG
2024-10-24T10:43:27.299Z [info]: Processed line: 87397600804101298240039
2024-10-24T10:43:28.307Z [info]: Processing data from queue: 87397600804101298240039
2024-10-24T10:43:34.279Z [info]: Processed line: NG
2024-10-24T10:43:35.296Z [info]: Processing data from queue: NG
2024-10-24T10:43:41.870Z [info]: Processed line: 87397600804101298240040
2024-10-24T10:43:42.875Z [info]: Processing data from queue: 87397600804101298240040
2024-10-24T10:44:06.414Z [info]: Processed line: 87397600804101298240040
2024-10-24T10:44:07.423Z [info]: Processing data from queue: 87397600804101298240040
2024-10-24T10:44:19.812Z [info]: Processed line: 87397600804101298240040
2024-10-24T10:44:20.814Z [info]: Processing data from queue: 87397600804101298240040
2024-10-24T10:44:30.247Z [info]: Processed line: 87397600804101298240040
2024-10-24T10:44:31.252Z [info]: Processing data from queue: 87397600804101298240040
2024-10-24T10:44:40.682Z [info]: Processed line: 87397600804101298240040
2024-10-24T10:44:41.690Z [info]: Processing data from queue: 87397600804101298240040
2024-10-24T10:44:51.105Z [info]: Processed line: 87397600804101298240040
2024-10-24T10:44:52.118Z [info]: Processing data from queue: 87397600804101298240040
2024-10-24T10:45:01.743Z [info]: Processed line: 87397600804101298240040
2024-10-24T10:45:02.749Z [info]: Processing data from queue: 87397600804101298240040
2024-10-24T10:45:26.315Z [info]: Port opened successfully
2024-10-24T10:45:37.556Z [info]: Processed line: 87397600804101298240040
2024-10-24T10:45:38.558Z [info]: Processing data from queue: 87397600804101298240040
2024-10-24T10:45:47.981Z [info]: Processed line: 87397600804101298240040
2024-10-24T10:45:48.989Z [info]: Processing data from queue: 87397600804101298240040
2024-10-24T10:45:58.420Z [info]: Processed line: 87397600804101298240040
2024-10-24T10:45:59.435Z [info]: Processing data from queue: 87397600804101298240040
2024-10-24T10:46:08.853Z [info]: Processed line: 87397600804101298240040
2024-10-24T10:46:09.858Z [info]: Processing data from queue: 87397600804101298240040
2024-10-24T10:46:19.482Z [info]: Processed line: 87397600804101298240040
2024-10-24T10:46:20.496Z [info]: Processing data from queue: 87397600804101298240040
2024-10-24T10:46:29.913Z [info]: Processed line: 87397600804101298240040
2024-10-24T10:46:30.921Z [info]: Processing data from queue: 87397600804101298240040
2024-10-24T10:46:40.362Z [info]: Processed line: 87397600804101298240040
2024-10-24T10:46:41.374Z [info]: Processing data from queue: 87397600804101298240040
2024-10-24T10:46:50.805Z [info]: Processed line: 87397600804101298240040
2024-10-24T10:46:51.813Z [info]: Processing data from queue: 87397600804101298240040
2024-10-24T10:47:01.230Z [info]: Processed line: 87397600804101298240040
2024-10-24T10:47:02.239Z [info]: Processing data from queue: 87397600804101298240040
2024-10-24T10:47:11.641Z [info]: Processed line: 87397600804101298240040
2024-10-24T10:47:12.656Z [info]: Processing data from queue: 87397600804101298240040
2024-10-24T10:47:27.956Z [info]: Port opened successfully
2024-10-24T10:47:28.149Z [info]: Processed line: 87397600804101298240040
2024-10-24T10:47:29.157Z [info]: Processing data from queue: 87397600804101298240040
2024-10-24T10:47:38.597Z [info]: Processed line: 87397600804101298240040
2024-10-24T10:47:39.605Z [info]: Processing data from queue: 87397600804101298240040
2024-10-24T10:47:49.046Z [info]: Processed line: 87397600804101298240040
2024-10-24T10:47:50.061Z [info]: Processing data from queue: 87397600804101298240040
2024-10-24T10:47:59.457Z [info]: Processed line: 87397600804101298240040
2024-10-24T10:48:00.462Z [info]: Processing data from queue: 87397600804101298240040
2024-10-24T10:48:09.910Z [info]: Processed line: 87397600804101298240040
2024-10-24T10:48:10.911Z [info]: Processing data from queue: 87397600804101298240040
2024-10-24T10:48:20.352Z [info]: Processed line: 87397600804101298240040
2024-10-24T10:48:21.364Z [info]: Processing data from queue: 87397600804101298240040
2024-10-24T10:48:30.816Z [info]: Processed line: 87397600804101298240040
2024-10-24T10:48:31.824Z [info]: Processing data from queue: 87397600804101298240040
2024-10-24T10:48:41.257Z [info]: Processed line: 87397600804101298240040
2024-10-24T10:48:42.258Z [info]: Processing data from queue: 87397600804101298240040
2024-10-24T10:48:53.146Z [info]: Port opened successfully
2024-10-24T10:48:53.334Z [info]: Processed line: 87397600804101298240040
2024-10-24T10:48:54.349Z [info]: Processing data from queue: 87397600804101298240040
2024-10-24T10:49:33.869Z [info]: Port opened successfully
2024-10-24T10:49:34.062Z [info]: Processed line: 87397600804101298240040
2024-10-24T10:49:35.071Z [info]: Processing data from queue: 87397600804101298240040
2024-10-24T10:49:44.510Z [info]: Processed line: 87397600804101298240040
2024-10-24T10:49:45.514Z [info]: Processing data from queue: 87397600804101298240040
2024-10-24T10:49:47.243Z [info]: Processed line: 87397600804101298240040
2024-10-24T10:49:48.254Z [info]: Processing data from queue: 87397600804101298240040
2024-10-24T10:49:57.684Z [info]: Processed line: 87397600804101298240040
2024-10-24T10:49:58.699Z [info]: Processing data from queue: 87397600804101298240040
2024-10-24T10:50:10.877Z [info]: Processed line: NG
2024-10-24T10:50:11.890Z [info]: Processing data from queue: NG
2024-10-24T10:50:18.374Z [info]: Processed line: 87397600804101298240041
2024-10-24T10:50:19.381Z [info]: Processing data from queue: 87397600804101298240041
2024-10-24T10:51:22.773Z [info]: Processed line: 87397600804101298240041
2024-10-24T10:51:23.778Z [info]: Processing data from queue: 87397600804101298240041
2024-10-24T10:51:27.007Z [info]: Processed line: 87397600804101298240041
2024-10-24T10:51:28.013Z [info]: Processing data from queue: 87397600804101298240041
2024-10-24T10:51:39.727Z [info]: Processed line: 87397600804101298240041
2024-10-24T10:51:40.744Z [info]: Processing data from queue: 87397600804101298240041
2024-10-24T10:51:57.796Z [info]: Processed line: NG
2024-10-24T10:51:58.806Z [info]: Processing data from queue: NG
2024-10-24T10:52:05.550Z [info]: Processed line: 87397600804101298240042
2024-10-24T10:52:06.556Z [info]: Processing data from queue: 87397600804101298240042
2024-10-24T10:52:19.169Z [info]: Processed line: NG
2024-10-24T10:52:20.178Z [info]: Processing data from queue: NG
2024-10-24T10:52:53.315Z [info]: Processed line: NG
2024-10-24T10:52:54.324Z [info]: Processing data from queue: NG
2024-10-24T10:53:27.575Z [info]: Processed line: NG
2024-10-24T10:53:28.586Z [info]: Processing data from queue: NG
2024-10-24T10:54:01.821Z [info]: Processed line: NG
2024-10-24T10:54:02.833Z [info]: Processing data from queue: NG
2024-10-24T10:54:36.033Z [info]: Processed line: NG
2024-10-24T10:54:37.038Z [info]: Processing data from queue: NG
2024-10-24T10:55:10.309Z [info]: Processed line: NG
2024-10-24T10:55:11.323Z [info]: Processing data from queue: NG
2024-10-24T10:55:44.605Z [info]: Processed line: NG
2024-10-24T10:55:45.610Z [info]: Processing data from queue: NG
2024-10-24T10:56:18.831Z [info]: Processed line: NG
2024-10-24T10:56:19.840Z [info]: Processing data from queue: NG
2024-10-24T10:56:53.027Z [info]: Processed line: NG
2024-10-24T10:56:54.040Z [info]: Processing data from queue: NG
2024-10-24T10:57:28.287Z [info]: Processed line: NG
2024-10-24T10:57:29.297Z [info]: Processing data from queue: NG
2024-10-24T10:58:02.466Z [info]: Processed line: NG
2024-10-24T10:58:03.473Z [info]: Processing data from queue: NG
2024-10-24T10:58:36.592Z [info]: Processed line: NG
2024-10-24T10:58:37.594Z [info]: Processing data from queue: NG
2024-10-24T10:59:10.772Z [info]: Processed line: NG
2024-10-24T10:59:11.789Z [info]: Processing data from queue: NG
2024-10-24T10:59:44.901Z [info]: Processed line: NG
2024-10-24T10:59:45.909Z [info]: Processing data from queue: NG
2024-10-24T11:00:19.193Z [info]: Processed line: NG
2024-10-24T11:00:20.201Z [info]: Processing data from queue: NG
2024-10-24T11:00:53.423Z [info]: Processed line: NG
2024-10-24T11:00:54.438Z [info]: Processing data from queue: NG
2024-10-24T11:01:27.700Z [info]: Processed line: NG
2024-10-24T11:01:28.713Z [info]: Processing data from queue: NG
2024-10-24T11:02:01.911Z [info]: Processed line: NG
2024-10-24T11:02:02.916Z [info]: Processing data from queue: NG
2024-10-24T11:02:36.087Z [info]: Processed line: NG
2024-10-24T11:02:37.093Z [info]: Processing data from queue: NG
2024-10-24T11:03:10.249Z [info]: Processed line: NG
2024-10-24T11:03:11.266Z [info]: Processing data from queue: NG
2024-10-24T11:03:44.444Z [info]: Processed line: NG
2024-10-24T11:03:45.458Z [info]: Processing data from queue: NG
2024-10-24T11:04:18.687Z [info]: Processed line: NG
2024-10-24T11:04:19.696Z [info]: Processing data from queue: NG
2024-10-24T11:04:32.531Z [info]: Processed line: 87397600804101298240063
2024-10-24T11:04:33.531Z [info]: Processing data from queue: 87397600804101298240063
2024-10-24T11:04:35.557Z [info]: Processed line: 87397600804101298240063
2024-10-24T11:04:36.571Z [info]: Processing data from queue: 87397600804101298240063
2024-10-24T11:04:54.566Z [info]: Processed line: NG
2024-10-24T11:04:55.577Z [info]: Processing data from queue: NG
2024-10-24T11:05:03.710Z [info]: Processed line: 87397600804101298240065
2024-10-24T11:05:04.725Z [info]: Processing data from queue: 87397600804101298240065
2024-10-24T11:05:14.517Z [info]: Processed line: 87397600804101298240065
2024-10-24T11:05:15.519Z [info]: Processing data from queue: 87397600804101298240065
2024-10-24T11:54:01.025Z [info]: Processed line: NG
2024-10-24T11:54:02.043Z [info]: Processing data from queue: NG
2024-10-24T11:54:14.897Z [info]: Processed line: NG
2024-10-24T11:54:15.899Z [info]: Processing data from queue: NG
2024-10-24T11:54:18.398Z [info]: Processed line: NG
2024-10-24T11:54:19.401Z [info]: Processing data from queue: NG
2024-10-24T11:54:52.657Z [info]: Processed line: NG
2024-10-24T11:54:53.673Z [info]: Processing data from queue: NG
2024-10-24T11:55:26.917Z [info]: Processed line: NG
2024-10-24T11:55:27.925Z [info]: Processing data from queue: NG
2024-10-24T11:56:01.177Z [info]: Processed line: NG
2024-10-24T11:56:02.180Z [info]: Processing data from queue: NG
2024-10-24T11:56:35.437Z [info]: Processed line: NG
2024-10-24T11:56:36.439Z [info]: Processing data from queue: NG
2024-10-24T11:56:49.191Z [info]: Processed line: NG
2024-10-24T11:56:50.206Z [info]: Processing data from queue: NG
2024-10-24T11:56:54.143Z [info]: Processed line: NG
2024-10-24T11:56:55.152Z [info]: Processing data from queue: NG
2024-10-24T11:57:04.229Z [info]: Processed line: NG
2024-10-24T11:57:05.236Z [info]: Processing data from queue: NG
2024-10-24T11:57:09.431Z [info]: Processed line: NG
2024-10-24T11:57:10.442Z [info]: Processing data from queue: NG
2024-10-24T11:57:30.203Z [info]: Processed line: NG
2024-10-24T11:57:31.219Z [info]: Processing data from queue: NG
2024-10-24T11:58:04.379Z [info]: Processed line: NG
2024-10-24T11:58:05.386Z [info]: Processing data from queue: NG
2024-10-24T11:58:18.351Z [info]: Processed line: NG
2024-10-24T11:58:19.360Z [info]: Processing data from queue: NG
2024-10-24T11:58:29.438Z [info]: Processed line: 87397600804101298240078
2024-10-24T11:58:30.445Z [info]: Processing data from queue: 87397600804101298240078
2024-10-24T11:58:43.091Z [info]: Processed line: NG
2024-10-24T11:58:44.106Z [info]: Processing data from queue: NG
2024-10-24T11:59:17.318Z [info]: Processed line: NG
2024-10-24T11:59:18.332Z [info]: Processing data from queue: NG
2024-10-24T11:59:52.462Z [info]: Processed line: NG
2024-10-24T11:59:53.467Z [info]: Processing data from queue: NG
2024-10-24T12:00:03.677Z [info]: Processed line: 87397600804101298240081
2024-10-24T12:00:04.688Z [info]: Processing data from queue: 87397600804101298240081
2024-10-24T12:00:14.503Z [info]: Processed line: 87397600804101298240081
2024-10-24T12:00:15.511Z [info]: Processing data from queue: 87397600804101298240081
2024-10-24T12:01:19.962Z [info]: Processed line: 87397600804101298240065
2024-10-24T12:01:20.969Z [info]: Processing data from queue: 87397600804101298240065
2024-10-24T12:01:31.623Z [info]: Processed line: NG
2024-10-24T12:01:32.640Z [info]: Processing data from queue: NG
2024-10-24T12:01:45.477Z [info]: Processed line: NG
2024-10-24T12:01:46.487Z [info]: Processing data from queue: NG
2024-10-24T12:01:49.027Z [info]: Processed line: NG
2024-10-24T12:01:50.041Z [info]: Processing data from queue: NG
2024-10-24T12:02:23.255Z [info]: Processed line: NG
2024-10-24T12:02:24.256Z [info]: Processing data from queue: NG
2024-10-24T12:02:37.493Z [info]: Processed line: NG
2024-10-24T12:02:38.495Z [info]: Processing data from queue: NG
2024-10-24T12:02:41.077Z [info]: Processed line: NG
2024-10-24T12:02:42.092Z [info]: Processing data from queue: NG
2024-10-24T12:02:49.846Z [info]: Processed line: NG
2024-10-24T12:02:50.858Z [info]: Processing data from queue: NG
2024-10-24T12:03:03.483Z [info]: Processed line: NG
2024-10-24T12:03:04.496Z [info]: Processing data from queue: NG
2024-10-24T12:03:06.968Z [info]: Processed line: NG
2024-10-24T12:03:07.971Z [info]: Processing data from queue: NG
2024-10-24T12:03:41.195Z [info]: Processed line: NG
2024-10-24T12:03:42.207Z [info]: Processing data from queue: NG
2024-10-24T12:04:15.321Z [info]: Processed line: NG
2024-10-24T12:04:16.326Z [info]: Processing data from queue: NG
2024-10-24T12:04:49.581Z [info]: Processed line: NG
2024-10-24T12:04:50.588Z [info]: Processing data from queue: NG
2024-10-24T12:07:31.762Z [info]: Processed line: NG
2024-10-24T12:07:32.775Z [info]: Processing data from queue: NG
2024-10-24T12:07:42.515Z [info]: Processed line: 87397600804101298240091
2024-10-24T12:07:43.528Z [info]: Processing data from queue: 87397600804101298240091
2024-10-24T12:15:14.411Z [info]: Processed line: NG
2024-10-24T12:15:15.426Z [info]: Processing data from queue: NG
2024-10-24T12:15:26.058Z [info]: Processed line: 87397600804101298240092
2024-10-24T12:15:27.065Z [info]: Processing data from queue: 87397600804101298240092
2024-10-24T12:29:50.985Z [info]: Port opened successfully
2024-10-24T12:30:06.211Z [info]: Port opened successfully
2024-10-24T12:32:34.368Z [info]: Port opened successfully
2024-10-24T12:33:58.584Z [info]: Port opened successfully
2024-10-24T12:51:30.980Z [info]: Port opened successfully
2024-10-24T12:53:30.256Z [info]: Port opened successfully
2024-10-24T12:54:15.861Z [info]: Processed line: NG
2024-10-24T12:54:16.867Z [info]: Processing data from queue: NG
2024-10-24T12:54:27.033Z [info]: Processed line: 87397600704101298240093
2024-10-24T12:54:28.041Z [info]: Processing data from queue: 87397600704101298240093
2024-10-24T13:51:25.009Z [info]: Port opened successfully
2024-10-24T13:51:55.181Z [info]: Processed line: NG
2024-10-24T13:51:56.186Z [info]: Processing data from queue: NG
2024-10-24T13:52:05.838Z [info]: Processed line: 873976000704101298240094
2024-10-24T13:52:06.854Z [info]: Processing data from queue: 873976000704101298240094
